[M::bwa_idx_load_from_disk] read 0 ALT contigs
[M::process] read 100000 sequences (7600000 bp)...
[M::mem_pestat] # candidate unique pairs for (FF, FR, RF, RR): (0, 38, 0, 0)
[M::mem_pestat] skip orientation FF as there are not enough pairs
[M::mem_pestat] analyzing insert size distribution for orientation FR...
[M::mem_pestat] (25, 50, 75) percentile: (42, 49, 69)
[M::mem_pestat] low and high boundaries for computing mean and std.dev: (1, 123)
[M::mem_pestat] mean and std.dev: (54.97, 14.83)
[M::mem_pestat] low and high boundaries for proper pairs: (1, 150)
[M::mem_pestat] skip orientation RF as there are not enough pairs
[M::mem_pestat] skip orientation RR as there are not enough pairs
[M::mem_process_seqs] Processed 100000 reads in 6.502 CPU sec, 0.427 real sec
[main] Version: 0.7.17-r1188
[main] CMD: bwa mem -t 16 /Users/peradastra/Documents/GitHub/POLAR-BEAR/references/sars_cov_2_accukit_ISv0.4.1/sars_cov_2_accukit_ISv0.4.1.fasta /Users/peradastra/Documents/GitHub/POLAR-BEAR/test/fastq/test_R1.fastq /Users/peradastra/Documents/GitHub/POLAR-BEAR/test/fastq/test_R2.fastq
[main] Real time: 0.647 sec; CPU: 6.722 sec
