A GFF file containing the open reading frames (ORFs) has not been provided. Amino acid translation will not be done.
