[bam_rmdup_core] processing reference MN908947.3...
[bam_rmdup_core] 658 unmatched pairs
[bam_rmdup_core] processing reference nCov-19-17-1679_20ABYE4P.0-SNAQ...
[bam_rmdup_core] 2 unmatched pairs
[bam_rmdup_core] processing reference nCov-19-1566-3556_20ABYE6P.0-SNAQ...
[bam_rmdup_core] 4 unmatched pairs
[bam_rmdup_core] processing reference nCov-19-3343-5330_20ACVFYP.0-SNAQ...
[bam_rmdup_core] 1 unmatched pairs
[bam_rmdup_core] processing reference nCov-19-5110-7127_20ABYFCP.0-SNAQ...
[bam_rmdup_core] 2 unmatched pairs
[bam_rmdup_core] processing reference nCov-19-6965-8993_20ACVF5P.0-SNAQ...
[bam_rmdup_core] processing reference nCov-19-8748-10773_20ACVF7P.0-SNAQ...
[bam_rmdup_core] processing reference nCov-19-10530-12520_20ABYFIP.0-SNAQ...
[bam_rmdup_core] 5 unmatched pairs
[bam_rmdup_core] processing reference nCov-19-12301-14309_20ACVGAP.0-SNAQ...
[bam_rmdup_core] processing reference nCov-19-14010-16000_20ABYFMP.0-SNAQ...
[bam_rmdup_core] 1 unmatched pairs
[bam_rmdup_core] processing reference nCov-19-15782-17739_20ABYFOP.0-SNAQ...
[bam_rmdup_core] 1 unmatched pairs
[bam_rmdup_core] processing reference nCov-19-17372-19399_20ACVGDP.0-SNAQ...
[bam_rmdup_core] processing reference nCov-19-19194-21178_20ACVGEP.0-SNAQ...
[bam_rmdup_core] 1 unmatched pairs
[bam_rmdup_core] processing reference nCov-19-20978-22968_20ABYGIP.0-SNAQ...
[bam_rmdup_core] 3 unmatched pairs
[bam_rmdup_core] processing reference nCov-19-22794-24766_20ACVGHP.0-SNAQ...
[bam_rmdup_core] 2 unmatched pairs
[bam_rmdup_core] processing reference nCov-19-24381-26352_20ACVGJP.0-SNAQ...
[bam_rmdup_core] processing reference nCov-19-26169-28182_20ACVGKP.0-SNAQ...
[bam_rmdup_core] 1 unmatched pairs
[bam_rmdup_core] processing reference nCov-19-27897-29868_20ABYF3P.0-SNAQ...
[bam_rmdup_core] 8392 / 49464 = 0.1697 in library '	'
