[M::bwa_idx_load_from_disk] read 0 ALT contigs
[M::process] read 100000 sequences (7600000 bp)...
[M::mem_pestat] # candidate unique pairs for (FF, FR, RF, RR): (0, 1389, 0, 0)
[M::mem_pestat] skip orientation FF as there are not enough pairs
[M::mem_pestat] analyzing insert size distribution for orientation FR...
[M::mem_pestat] (25, 50, 75) percentile: (46, 51, 58)
[M::mem_pestat] low and high boundaries for computing mean and std.dev: (22, 82)
[M::mem_pestat] mean and std.dev: (52.66, 9.25)
[M::mem_pestat] low and high boundaries for proper pairs: (10, 94)
[M::mem_pestat] skip orientation RF as there are not enough pairs
[M::mem_pestat] skip orientation RR as there are not enough pairs
[M::mem_process_seqs] Processed 100000 reads in 9.260 CPU sec, 0.632 real sec
[main] Version: 0.7.17-r1188
[main] CMD: bwa mem -k 32 -t 16 /gpfs0/work/brian/slides_work_12Nov20/POLAR-BEAR-FDA-EUA/reference_files/target/Wuhan_seafood_market_pneumonia_virus_isolate_Wuhan_Hu_1/Wuhan_seafood_market_pneumonia_virus_isolate_Wuhan_Hu_1.fasta /gpfs0/work/brian/slides_work_12Nov20/POLAR-BEAR-FDA-EUA/test/fastq/test_R1.fastq.gz /gpfs0/work/brian/slides_work_12Nov20/POLAR-BEAR-FDA-EUA/test/fastq/test_R2.fastq.gz
[main] Real time: 1.003 sec; CPU: 9.556 sec
